// Jest Snapshot v1, https://goo.gl/fbAQLP

exports[`Entry component tests should match the snapshot 1`] = `
<div class="mb-3 pointer p-2 entry-container">
  <div class="entry-title d-flex"><span class="text-success fs-5 fw-bold">15</span><span class="mx-1 fs-5">September</span><span class="mx-2 fw-light">2021, Wednesday</span></div>
  <div class="entry-description">Learning Vue...</div>
</div>
`;
